17.6
16.8
16.8
16.8
16.8
16
16.8
16.8
16
16
19.36
17.6
17.6
17.6
17.6
16
17.6
17.6
16
16
17.6
16.8
16.8
16.8
16.8
16
16.8
16.8
16
16
0
4
4
4
4
0
4
4
0
0
19.36
17.6
17.6
17.6
17.6
16
17.6
17.6
16
16
17.6
16.8
16.8
16.8
16.8
16
16.8
16.8
16
16
19.36
17.6
17.6
17.6
17.6
16
17.6
17.6
16
16
0
4
4
4
4
0
4
4
0
0
19.36
17.6
17.6
17.6
17.6
16
17.6
17.6
16
16
17.6
16.8
16.8
16.8
16.8
16
16.8
16.8
16
16
1
0.909091
0.909091
0.909091
0.909091
1
0.909091
0.909091
1
1
19.36
17.6
17.6
17.6
17.6
16
17.6
17.6
16
16
0
4
4
4
4
0
4
4
0
0
19.36
17.6
17.6
17.6
17.6
16
17.6
17.6
16
16
17.6
16.8
16.8
16.8
16.8
16
16.8
16.8
16
16
0
-0.4
-0.4
-0.4
-0.4
0
-0.4
-0.4
0
0
1
0.909091
0.909091
0.909091
0.909091
1
0.909091
0.909091
1
1
19.36
17.6
17.6
17.6
17.6
16
17.6
17.6
16
16
0
4
4
4
4
0
4
4
0
0
19.36
17.6
17.6
17.6
17.6
16
17.6
17.6
16
16
17.6
16.8
16.8
16.8
16.8
16
16.8
16.8
16
16
